src/components/settings/PreferencesTab.tsx(289,26): error TS2304: Cannot find name 'AnimatePresence'.
src/components/settings/PreferencesTab.tsx(302,27): error TS2304: Cannot find name 'AnimatePresence'.
src/components/settings/ProfileTab.tsx(44,9): error TS2322: Type 'Resolver<{ full_name: string; daily_goal?: number | undefined; interview_date?: string | null | undefined; }, any, { full_name: string; daily_goal: number; interview_date: string | null; }>' is not assignable to type 'Resolver<{ full_name: string; daily_goal: number; interview_date: string | null; }, any, { full_name: string; daily_goal: number; interview_date: string | null; }>'.
  Types of parameters 'options' and 'options' are incompatible.
    Type 'ResolverOptions<{ full_name: string; daily_goal: number; interview_date: string | null; }>' is not assignable to type 'ResolverOptions<{ full_name: string; daily_goal?: number | undefined; interview_date?: string | null | undefined; }>'.
      Type 'number | undefined' is not assignable to type 'number'.
        Type 'undefined' is not assignable to type 'number'.
src/components/settings/ProfileTab.tsx(162,38): error TS2345: Argument of type '(values: ProfileFormValues) => void' is not assignable to parameter of type 'SubmitHandler<TFieldValues>'.
  Types of parameters 'values' and 'data' are incompatible.
    Type 'TFieldValues' is not assignable to type '{ full_name: string; daily_goal: number; interview_date: string | null; }'.
      Type 'FieldValues' is missing the following properties from type '{ full_name: string; daily_goal: number; interview_date: string | null; }': full_name, daily_goal, interview_date
